---
source: squidfmt/src/tests.rs
expression: "PreparedFmt::parse(&input)"
input_file: squidfmt/src/test_cases/parsing/error_unmatched_closing_brace.txt
---
Err(
    UnmatchedClosingBrace(
        11,
    ),
)
